* Lista delle razze
../races/_arial.race
../races/_drow.race
../races/_dwarf.race
../races/_elf.race
../races/_felar.race
../races/_gith.race
../races/_gnome.race
../races/_halfelf.race
../races/_human.race
../races/_kobold.race
../races/_lizardman.race
../races/_minotaur.race
../races/_orc.race
../races/_pixie.race
../races/halfling.race
../races/vampire.race
../races/halfogre.race
../races/halforc.race
../races/halftroll.race
../races/seaelf.race
../races/race5.race
../races/race6.race
../races/race7.race
../races/race8.race
../races/troll.race
../races/ant.race
../races/ape.race
../races/baboon.race
../races/bat.race
../races/bear.race
../races/bee.race
../races/beetle.race
../races/boar.race
../races/bugbear.race
../races/cat.race
../races/dog.race
../races/dragon.race
../races/ferret.race
../races/fly.race
../races/gargoyle.race
../races/gelatin.race
../races/ghoul.race
../races/gnoll.race
../races/gnome2.race
../races/goblin.race
../races/golem.race
../races/gorgon.race
../races/harpy.race
../races/hobgoblin.race
../races/lizardman2.race
../races/locust.race
../races/lycanthrope.race
../races/mold.race
../races/mule.race
../races/neanderthal.race
../races/ooze.race
../races/rat.race
../races/rustmonster.race
../races/shadow.race
../races/shapeshifter.race
../races/shrew.race
../races/shrieker.race
../races/skeleton.race
../races/slime.race
../races/snake.race
../races/spider.race
../races/stirge.race
../races/thoul.race
../races/troglodyte.race
../races/undead.race
../races/wight.race
../races/wolf.race
../races/worm.race
../races/zombie.race
../races/bovine.race
../races/canine.race
../races/feline.race
../races/porcine.race
../races/mammal.race
../races/rodent.race
../races/bird.race
../races/reptile.race
../races/amphibian.race
../races/fish.race
../races/crustacean.race
../races/insect.race
../races/spirit.race
../races/magical.race
../races/horse.race
../races/animal.race
../races/humanoid.race
../races/monster.race
../races/god.race
../races/deepgnome.race
../races/demon.race
../races/songbird.race
../races/eagle.race
../races/ghost.race
../races/centipede.race
../races/doll.race
../races/elemental_water.race
../races/rabbit.race
../races/elemental_air.race
../races/elemental_earth.race
../races/elemental_fire.race
../races/fox.race
../races/draconian.race
../races/satyr.race
../races/mindflayer.race
End
