* Elenco delle aree
* Queste in testa si trovano prima delle altre poiché hanno oggetti chiamati in altre aree
../area/Limbo.are
../area/Accademia.are
* Le altre sono in ordine decrescente di vnum
../area/_steading.are
../area/_firehall.are
../area/_rift.are
../area/ProfumeriaVolante.are
../area/Arena_Darkhaven.are
../area/Ultima.are
../area/ForestaMononoke.are
../area/Catacombe.are
../area/CittaFerro.are
../area/Ashitaka.are
../area/TorreLich.are
../area/Arena_CircoloElementi.are
../area/Gallery.are
../area/Darkhaven.are
../area/Altopiano.are
../area/Labirintino.are
../area/Kilie.are
../area/Drakyrism.are
../area/Rymil.are
../area/LagoCristalli.are
../area/Export.are
../area/Mirkwood.are
../area/BoscoSacro.are
../area/FelceRossa.are
../area/ValleElfi.are
../area/ReteFognaria.are
../area/RegnoNani.are
../area/HaonDor.are
../area/Moria.are
../area/Cimitero.are
../area/Maleficia.are
../area/Cappella.are
../area/Corridoio.are
../area/AntroTroll.are
../area/Maniero.are
../area/Mahntor.are
../area/Unholy.are
../area/Pixie.are
../area/CasetteSparse.are
*../area/TorreMagia.are
../area/Astrale.are
../area/ForestaIncantata.are
../area/Aria.are
../area/Pianure.are
../area/mtdoom.are
../area/Tutorial.are
End
